PASS LAB deployment pipeline: quality, roadmap, inventory and regression execute in order; each injected failure stops release. Disposable command fixtures.
PASS frontend integration: legacy LIVE read retained, membership and one-use routes, personal homonyms distinct, hub recovers only current account publisher. Explicit fixtures; browser review separate.
PASS V353 CENTRO LIVE: 80 jugadores, hasta 5 torneos, multiteléfono sin doble cómputo, privacidad y carga sin máximo fijo
PASS personal permissions: identity-bound one-use invitation, forwarded/used code denied, membership required with known tokens, private enumeration denied, assigned writer/roster/HCP/group enforcement, second stream denied, reader cannot write with leaked secret, revocation and closure, organization history. Expiry, 8 simultaneous redemptions/one winner, private official writer/table isolation, 100-player capacity/101 denied, guests outside capacity, expired reservations released, invalid calendar date. Isolated DB and explicit account fixtures only.
(node:162) [MODULE_TYPELESS_PACKAGE_JSON] Warning: Module type of file:///workspace/scratch/3e936abcc9cb/golf-repo/middleware.js is not specified and it doesn't parse as CommonJS.
Reparsing as ES module because module syntax was detected. This incurs a performance overhead.
To eliminate this warning, add "type": "module" to /workspace/scratch/3e936abcc9cb/golf-repo/package.json.
(Use `node --trace-warnings ...` to show where the warning was created)
PASS personal account storage: owner/A/B isolation, scoped clear, server identity binding, reader/revoked/closed denial, authenticated re-entry redirect. Middleware uses explicit test responses.
PASS official LIVE API: creation, valid/invalid enrollment, reader denied, origin denied, publish, retry, conflict, correction, persisted scores, event history, revocation. Isolated PGlite only.
PASS LAB database isolation: candidate endpoint only; missing candidate URL fails closed; non-LAB uses existing DATABASE_URL.
(node:194) [MODULE_TYPELESS_PACKAGE_JSON] Warning: Module type of file:///workspace/scratch/3e936abcc9cb/golf-repo/middleware.js is not specified and it doesn't parse as CommonJS.
Reparsing as ES module because module syntax was detected. This incurs a performance overhead.
To eliminate this warning, add "type": "module" to /workspace/scratch/3e936abcc9cb/golf-repo/package.json.
(Use `node --trace-warnings ...` to show where the warning was created)
PASS middleware: shared Scores shell and protected LIVE API reachable without app installation/login; private scorecard and sync still require existing app access
PASS LIVE-share handler: isolated LAB activation required, no-store, cross-origin rejection and POST only
PASS one-use LIVE SQL: enrolled publisher required, hashes, first consumer only, event-kind binding, guest read only, no secret disclosure, revocation and private/tournament isolation. Local single connection; remote multi-connection test pending.
PASS shared Scores: 18 positions, two nines, missing values, X, last correction wins, escaped data and official logo
live DATABASE_NOT_CONFIGURED
live DATABASE_NOT_CONFIGURED
live DATABASE_NOT_CONFIGURED
live DATABASE_NOT_CONFIGURED
live DATABASE_NOT_CONFIGURED
PASS LAB: missing database fails closed on LAB and localhost; no request to Production
PASS R140: isolated SQL, wrong-code rejection, selected-round binding, private membership persistence, official writer and score columns
PASS R141: Scores-only creator view hides code; negative green and positive red
PASS personal private history: closed authorized event retained, duplicates merged, membership route used.
PASS Stableford: 4 puntos antes de3; empate por hoyos; categorías coinciden; sin doble suma ni puntos de omitidos
PASS compartir nativo directo y cancelar: sin administración ni copia inesperada
PASS Medal: columnas correctas, sin puntos, empate por avance; error de acción conserva visibilidad
PASS torneo: regreso portal, favoritos únicos, ranking completo, mensajes y compartir visibles
PASS R76: arquitectura TORNEOS conserva intención, muestra categorías y separa búsqueda de agregar por enlace
PASS R145 approved entry: adjacent create buttons, real empty state, create/view scores order, saved-event actions, results after selection, direct LIVE share.
PASS four-player closure includes Justi; omitted hole names player and reason without inventing total
PASS R143: update recovery and requested round button placement
PASS: audio cleared only on round change, side game refreshed on every mode, digital card rendered from current mode
PASS: La Reunión pending template hides unverified course data and blocks digital card
PASS R44: un contrato 1-9/0/X para todas las Score Cards y teclado independiente del número de jugadores
PASS R45: MENU arriba y ACTUALIZAR debajo, ambos fijos y sin traslape
PASS R46: ACTUALIZAR mantiene una sola posición fija móvil debajo de MENÚ
PASS R47: corrección permanece en jugador y ENTER avanza hoyo
PASS técnico: 1–9 primera, 10–18 segunda; total sólo con 18 hoyos, ambos órdenes. No certifica audio audible.
PASS doble toque/resultado: Medal IN/OUT correcto en ambos órdenes; Stableford comparte botón físico; segundo nivel = acumulado total
PASS doble toque: UNIVERSALES=PUNTOS · STABLEFORD=PUNTOS · FOUR BALL=GROSS/NETO
PASS LAB: release sincronizada y actualización manual sin navegación automática
PASS R60 posiciones: monitor detalle + favoritos usan rankLabel oficial, incluidos empates T#
PASS R60 categorías: Stableford/Universales muestran PUNTOS; otras modalidades conservan tabla normal
PASS R60 matriz física-contractual: doble toque, puntos, audio, compartir/invitar, menú, update, cierre, tarjeta, historial y corrección
PASS R60 tarjetas: acciones oficiales visibles tras cierre y todos los botones tienen handler
PASS R77 visor global: ENVIAR A JUGADORES visible y conectado
PASS R78 visor global: botón jugadores funcional, gesto iPhone preservado y texto no seleccionable
PASS R78: visor funcional y texto no seleccionable
PASS R60 historial: persistencia, nueva ronda, cierre, corrección, lectura y borrado explícito
PASS R60 historial: OVERALL + por campo + modalidades + búsqueda + última fecha hacia atrás
PASS R60 historial físico: global/personal imagen/pdf/paquete/estadísticas accesibles
PASS R60 compartir tarjeta: modalidad exacta en Medal/Stableford/Match/Four Ball/Universales
PASS R60 historial share: cancelación separada de error real
PASS R61 card mode purity
PASS doble toque: UNIVERSALES y STABLEFORD anuncian PUNTOS exclusivamente, incluyendo segundo nivel acumulado y comienzo por 1 o 10
PASS LIVE point summaries follow round mode, including legacy zero values
PASS actual keypad/writer: 1–6 players, all 18 holes, pars 3/4/5, 1–9 literal, 0 omission, X deletion, repeated correction, Gross/Neto/result, closed round; 12474 persisted writes. Browser/audio pending.
PASS invitation: server failure stays visible, retry enabled, prepared link shared in fresh gesture without duplicate creation
PASS 30 loaded modules: no microphone/dictation/AI entry; local result speech retained; release synchronized
PASS arranque manual sin guía de micrófono: regresión previa reproduce error; LIVE y permiso propietario preservados
PASS voz local: carga tardía, rechazo remoto, cola, cancelación, inicio bloqueado, resultado visible y recuperación
PASS: long four-player report speaks every chunk, including Justi; interruption never reports full success
PASS motor exhaustivo Gross/Neto/handicap: 2 campos, 5 matrices, HCP 0–54, 18 hoyos y 12 Gross
PASS cierre y corrección: cero X, SHA-256, idempotencia y original preservado
PASS player registry: código, recuperación, datos vigentes, historial, consentimiento e idempotencia
Stableford: reglas, seis jugadores, matrices, cuatro fechas y mejores tres verificados.
PASS manual General/Stableford -> teclado fijo 1-9 -> selección verde -> auto siguiente -> captura silenciosa -> cálculo/persist/render
PASS V398 · 4 modalidades: vacía→1, parcial→pendiente y navegación interna conservada
PASS V398 · pulsación prolongada, confirmación y borrado persistente del historial
PASS V306/V307/V311/V330 MATCH PLAY · UNA, DOS O TRES PAREJAS · TARJETA NORMAL · NETO · FLECHAS · CIERRE INDEPENDIENTE
PASS V309/V310/V311/V329 · FOUR BALL · UNA, DOS O TRES PAREJAS · HCP INDIVIDUAL · MEJOR NETO · SEPARACIÓN · EXPORTACIÓN
PASS V332 · Skins Gross/Neto, moneda exclusiva Q/$, acumulados, X, cierre firmado, corrección, nube, historial, liquidación, voz y pantalla principal intacta
PASS LAB account gate
PASS LAB user shortcuts isolation
PASS LAB deterministic tournament navigation + MENÚ universal overlays
PASS R80: SALIR DE ESTE TORNEO vuelve a Score Card y QUITAR queda separado
PASS LAB modality change with recorded scores preserved
PASS new round follows active mode, independent of old Stableford entry URL
PASS archivos Global/personal desde snapshot oficial
PASS matriz oficial Stableford: Global y seis personales con Gross/Puntos
PASS categoría opcional arriba del nombre en las diez tarjetas; HCP conservado
PASS leyenda, puntos por hoyo y totales Universales en rojo
PASS: global and personal Medal cards ignore legacy Universales point fields
PASS tarjeta digital Match Play conserva flechas y no contamina Four Ball
PASS V278 · imagen PNG, PDF individual y PDF conjunto desde las tarjetas oficiales General/Stableford
Stableford torneo PASS estático: sintaxis, cuatro campos, ocho categorías, máximo cuatro jugadores, Gross/Puntos, X, totales, nueva ronda, ranking y matrices verificadas.
PASS LIVE uses requested page; offline never substitutes scorecard
PASS AUDITORÍA GLOBAL LAB · 5 MODALIDADES ACTIVAS · TARJETAS GLOBAL/PERSONAL · TORNEOS · MENÚ · PWA · MANUAL R4
MANUAL ORIGINAL PARITY: PASS
MANUAL RE-MAQUETADO: 75 hojas · capítulo Tarjetas Digitales · MENÚ vigente · pantallas actuales · 0 funciones retiradas
PASS LAB manual technical profile; account + shortcuts + screen parity guards active; visual/device acceptance remains separate
